Archive member included to satisfy reference by file (symbol)

/Applications/STM32CubeIDE.app/Contents/Eclipse/plugins/com.st.stm32cube.ide.mcu.externaltools.gnu-tools-for-stm32.11.3.rel1.macos64_1.1.1.202309131626/tools/bin/../lib/gcc/arm-none-eabi/11.3.1/../../../../arm-none-eabi/lib/thumb/v7e-m+fp/hard/libc_nano.a(libc_a-exit.o)
                              /Applications/STM32CubeIDE.app/Contents/Eclipse/plugins/com.st.stm32cube.ide.mcu.externaltools.gnu-tools-for-stm32.11.3.rel1.macos64_1.1.1.202309131626/tools/bin/../lib/gcc/arm-none-eabi/11.3.1/../../../../arm-none-eabi/lib/thumb/v7e-m+fp/hard/crt0.o (exit)
/Applications/STM32CubeIDE.app/Contents/Eclipse/plugins/com.st.stm32cube.ide.mcu.externaltools.gnu-tools-for-stm32.11.3.rel1.macos64_1.1.1.202309131626/tools/bin/../lib/gcc/arm-none-eabi/11.3.1/../../../../arm-none-eabi/lib/thumb/v7e-m+fp/hard/libc_nano.a(libc_a-sprintf.o)
                              ./Core/Src/lcd.o (sprintf)
/Applications/STM32CubeIDE.app/Contents/Eclipse/plugins/com.st.stm32cube.ide.mcu.externaltools.gnu-tools-for-stm32.11.3.rel1.macos64_1.1.1.202309131626/tools/bin/../lib/gcc/arm-none-eabi/11.3.1/../../../../arm-none-eabi/lib/thumb/v7e-m+fp/hard/libc_nano.a(libc_a-findfp.o)
                              /Applications/STM32CubeIDE.app/Contents/Eclipse/plugins/com.st.stm32cube.ide.mcu.externaltools.gnu-tools-for-stm32.11.3.rel1.macos64_1.1.1.202309131626/tools/bin/../lib/gcc/arm-none-eabi/11.3.1/../../../../arm-none-eabi/lib/thumb/v7e-m+fp/hard/libc_nano.a(libc_a-exit.o) (__stdio_exit_handler)
/Applications/STM32CubeIDE.app/Contents/Eclipse/plugins/com.st.stm32cube.ide.mcu.externaltools.gnu-tools-for-stm32.11.3.rel1.macos64_1.1.1.202309131626/tools/bin/../lib/gcc/arm-none-eabi/11.3.1/../../../../arm-none-eabi/lib/thumb/v7e-m+fp/hard/libc_nano.a(libc_a-fwalk.o)
                              /Applications/STM32CubeIDE.app/Contents/Eclipse/plugins/com.st.stm32cube.ide.mcu.externaltools.gnu-tools-for-stm32.11.3.rel1.macos64_1.1.1.202309131626/tools/bin/../lib/gcc/arm-none-eabi/11.3.1/../../../../arm-none-eabi/lib/thumb/v7e-m+fp/hard/libc_nano.a(libc_a-findfp.o) (_fwalk_sglue)
/Applications/STM32CubeIDE.app/Contents/Eclipse/plugins/com.st.stm32cube.ide.mcu.externaltools.gnu-tools-for-stm32.11.3.rel1.macos64_1.1.1.202309131626/tools/bin/../lib/gcc/arm-none-eabi/11.3.1/../../../../arm-none-eabi/lib/thumb/v7e-m+fp/hard/libc_nano.a(libc_a-memset.o)
                              /Applications/STM32CubeIDE.app/Contents/Eclipse/plugins/com.st.stm32cube.ide.mcu.externaltools.gnu-tools-for-stm32.11.3.rel1.macos64_1.1.1.202309131626/tools/bin/../lib/gcc/arm-none-eabi/11.3.1/../../../../arm-none-eabi/lib/thumb/v7e-m+fp/hard/crt0.o (memset)
/Applications/STM32CubeIDE.app/Contents/Eclipse/plugins/com.st.stm32cube.ide.mcu.externaltools.gnu-tools-for-stm32.11.3.rel1.macos64_1.1.1.202309131626/tools/bin/../lib/gcc/arm-none-eabi/11.3.1/../../../../arm-none-eabi/lib/thumb/v7e-m+fp/hard/libc_nano.a(libc_a-impure.o)
                              /Applications/STM32CubeIDE.app/Contents/Eclipse/plugins/com.st.stm32cube.ide.mcu.externaltools.gnu-tools-for-stm32.11.3.rel1.macos64_1.1.1.202309131626/tools/bin/../lib/gcc/arm-none-eabi/11.3.1/../../../../arm-none-eabi/lib/thumb/v7e-m+fp/hard/libc_nano.a(libc_a-sprintf.o) (_impure_ptr)
/Applications/STM32CubeIDE.app/Contents/Eclipse/plugins/com.st.stm32cube.ide.mcu.externaltools.gnu-tools-for-stm32.11.3.rel1.macos64_1.1.1.202309131626/tools/bin/../lib/gcc/arm-none-eabi/11.3.1/../../../../arm-none-eabi/lib/thumb/v7e-m+fp/hard/libc_nano.a(libc_a-errno.o)
                              ./Core/Src/syscalls.o (__errno)
/Applications/STM32CubeIDE.app/Contents/Eclipse/plugins/com.st.stm32cube.ide.mcu.externaltools.gnu-tools-for-stm32.11.3.rel1.macos64_1.1.1.202309131626/tools/bin/../lib/gcc/arm-none-eabi/11.3.1/../../../../arm-none-eabi/lib/thumb/v7e-m+fp/hard/libc_nano.a(libc_a-init.o)
                              /Applications/STM32CubeIDE.app/Contents/Eclipse/plugins/com.st.stm32cube.ide.mcu.externaltools.gnu-tools-for-stm32.11.3.rel1.macos64_1.1.1.202309131626/tools/bin/../lib/gcc/arm-none-eabi/11.3.1/../../../../arm-none-eabi/lib/thumb/v7e-m+fp/hard/crt0.o (__libc_init_array)
/Applications/STM32CubeIDE.app/Contents/Eclipse/plugins/com.st.stm32cube.ide.mcu.externaltools.gnu-tools-for-stm32.11.3.rel1.macos64_1.1.1.202309131626/tools/bin/../lib/gcc/arm-none-eabi/11.3.1/../../../../arm-none-eabi/lib/thumb/v7e-m+fp/hard/libc_nano.a(libc_a-lock.o)
                              /Applications/STM32CubeIDE.app/Contents/Eclipse/plugins/com.st.stm32cube.ide.mcu.externaltools.gnu-tools-for-stm32.11.3.rel1.macos64_1.1.1.202309131626/tools/bin/../lib/gcc/arm-none-eabi/11.3.1/../../../../arm-none-eabi/lib/thumb/v7e-m+fp/hard/libc_nano.a(libc_a-findfp.o) (__retarget_lock_init_recursive)
[...]
Memory Configuration

Name             Origin             Length             Attributes
RAM              0x0000000020000000 0x0000000000018000 xrw
FLASH            0x0000000008000000 0x0000000000080000 xr
*default*        0x0000000000000000 0xffffffffffffffff

Linker script and memory map

LOAD /Applications/STM32CubeIDE.app/Contents/Eclipse/plugins/com.st.stm32cube.ide.mcu.externaltools.gnu-tools-for-stm32.11.3.rel1.macos64_1.1.1.202309131626/tools/bin/../lib/gcc/arm-none-eabi/11.3.1/thumb/v7e-m+fp/hard/crti.o
LOAD /Applications/STM32CubeIDE.app/Contents/Eclipse/plugins/com.st.stm32cube.ide.mcu.externaltools.gnu-tools-for-stm32.11.3.rel1.macos64_1.1.1.202309131626/tools/bin/../lib/gcc/arm-none-eabi/11.3.1/thumb/v7e-m+fp/hard/crtbegin.o
LOAD /Applications/STM32CubeIDE.app/Contents/Eclipse/plugins/com.st.stm32cube.ide.mcu.externaltools.gnu-tools-for-stm32.11.3.rel1.macos64_1.1.1.202309131626/tools/bin/../lib/gcc/arm-none-eabi/11.3.1/../../../../arm-none-eabi/lib/thumb/v7e-m+fp/hard/crt0.o
LOAD ./Core/Src/gpio.o
LOAD ./Core/Src/lcd.o
LOAD ./Core/Src/main.o
LOAD ./Core/Src/stm32f4xx_hal_msp.o
LOAD ./Core/Src/stm32f4xx_it.o
LOAD ./Core/Src/syscalls.o
LOAD ./Core/Src/sysmem.o
LOAD ./Core/Src/system_stm32f4xx.o
LOAD ./Core/Src/tim.o
LOAD ./Core/Startup/startup_stm32f401retx.o
LOAD ./Drivers/STM32F4xx_HAL_Driver/Src/stm32f4xx_hal.o
LOAD ./Drivers/STM32F4xx_HAL_Driver/Src/stm32f4xx_hal_cortex.o
LOAD ./Drivers/STM32F4xx_HAL_Driver/Src/stm32f4xx_hal_dma.o
LOAD ./Drivers/STM32F4xx_HAL_Driver/Src/stm32f4xx_hal_dma_ex.o
LOAD ./Drivers/STM32F4xx_HAL_Driver/Src/stm32f4xx_hal_exti.o
LOAD ./Drivers/STM32F4xx_HAL_Driver/Src/stm32f4xx_hal_flash.o
LOAD ./Drivers/STM32F4xx_HAL_Driver/Src/stm32f4xx_hal_flash_ex.o
LOAD ./Drivers/STM32F4xx_HAL_Driver/Src/stm32f4xx_hal_flash_ramfunc.o
LOAD ./Drivers/STM32F4xx_HAL_Driver/Src/stm32f4xx_hal_gpio.o
LOAD ./Drivers/STM32F4xx_HAL_Driver/Src/stm32f4xx_hal_pwr.o
LOAD ./Drivers/STM32F4xx_HAL_Driver/Src/stm32f4xx_hal_pwr_ex.o
LOAD ./Drivers/STM32F4xx_HAL_Driver/Src/stm32f4xx_hal_rcc.o
LOAD ./Drivers/STM32F4xx_HAL_Driver/Src/stm32f4xx_hal_rcc_ex.o
LOAD ./Drivers/STM32F4xx_HAL_Driver/Src/stm32f4xx_hal_tim.o
LOAD ./Drivers/STM32F4xx_HAL_Driver/Src/stm32f4xx_hal_tim_ex.o
START GROUP
LOAD /Applications/STM32CubeIDE.app/Contents/Eclipse/plugins/com.st.stm32cube.ide.mcu.externaltools.gnu-tools-for-stm32.11.3.rel1.macos64_1.1.1.202309131626/tools/bin/../lib/gcc/arm-none-eabi/11.3.1/../../../../arm-none-eabi/lib/thumb/v7e-m+fp/hard/libstdc++_nano.a
LOAD /Applications/STM32CubeIDE.app/Contents/Eclipse/plugins/com.st.stm32cube.ide.mcu.externaltools.gnu-tools-for-stm32.11.3.rel1.macos64_1.1.1.202309131626/tools/bin/../lib/gcc/arm-none-eabi/11.3.1/../../../../arm-none-eabi/lib/thumb/v7e-m+fp/hard/libsupc++_nano.a
END GROUP
LOAD /Applications/STM32CubeIDE.app/Contents/Eclipse/plugins/com.st.stm32cube.ide.mcu.externaltools.gnu-tools-for-stm32.11.3.rel1.macos64_1.1.1.202309131626/tools/bin/../lib/gcc/arm-none-eabi/11.3.1/../../../../arm-none-eabi/lib/thumb/v7e-m+fp/hard/libstdc++_nano.a
LOAD /Applications/STM32CubeIDE.app/Contents/Eclipse/plugins/com.st.stm32cube.ide.mcu.externaltools.gnu-tools-for-stm32.11.3.rel1.macos64_1.1.1.202309131626/tools/bin/../lib/gcc/arm-none-eabi/11.3.1/../../../../arm-none-eabi/lib/thumb/v7e-m+fp/hard/libm.a
LOAD /Applications/STM32CubeIDE.app/Contents/Eclipse/plugins/com.st.stm32cube.ide.mcu.externaltools.gnu-tools-for-stm32.11.3.rel1.macos64_1.1.1.202309131626/tools/bin/../lib/gcc/arm-none-eabi/11.3.1/../../../../arm-none-eabi/lib/thumb/v7e-m+fp/hard/libc_nano.a
START GROUP
LOAD /Applications/STM32CubeIDE.app/Contents/Eclipse/plugins/com.st.stm32cube.ide.mcu.externaltools.gnu-tools-for-stm32.11.3.rel1.macos64_1.1.1.202309131626/tools/bin/../lib/gcc/arm-none-eabi/11.3.1/thumb/v7e-m+fp/hard/libgcc.a
LOAD /Applications/STM32CubeIDE.app/Contents/Eclipse/plugins/com.st.stm32cube.ide.mcu.externaltools.gnu-tools-for-stm32.11.3.rel1.macos64_1.1.1.202309131626/tools/bin/../lib/gcc/arm-none-eabi/11.3.1/../../../../arm-none-eabi/lib/thumb/v7e-m+fp/hard/libc_nano.a
END GROUP
START GROUP
LOAD /Applications/STM32CubeIDE.app/Contents/Eclipse/plugins/com.st.stm32cube.ide.mcu.externaltools.gnu-tools-for-stm32.11.3.rel1.macos64_1.1.1.202309131626/tools/bin/../lib/gcc/arm-none-eabi/11.3.1/thumb/v7e-m+fp/hard/libgcc.a
LOAD /Applications/STM32CubeIDE.app/Contents/Eclipse/plugins/com.st.stm32cube.ide.mcu.externaltools.gnu-tools-for-stm32.11.3.rel1.macos64_1.1.1.202309131626/tools/bin/../lib/gcc/arm-none-eabi/11.3.1/../../../../arm-none-eabi/lib/thumb/v7e-m+fp/hard/libc_nano.a
LOAD /Applications/STM32CubeIDE.app/Contents/Eclipse/plugins/com.st.stm32cube.ide.mcu.externaltools.gnu-tools-for-stm32.11.3.rel1.macos64_1.1.1.202309131626/tools/bin/../lib/gcc/arm-none-eabi/11.3.1/../../../../arm-none-eabi/lib/thumb/v7e-m+fp/hard/libnosys.a
END GROUP
START GROUP
LOAD /Applications/STM32CubeIDE.app/Contents/Eclipse/plugins/com.st.stm32cube.ide.mcu.externaltools.gnu-tools-for-stm32.11.3.rel1.macos64_1.1.1.202309131626/tools/bin/../lib/gcc/arm-none-eabi/11.3.1/thumb/v7e-m+fp/hard/libgcc.a
LOAD /Applications/STM32CubeIDE.app/Contents/Eclipse/plugins/com.st.stm32cube.ide.mcu.externaltools.gnu-tools-for-stm32.11.3.rel1.macos64_1.1.1.202309131626/tools/bin/../lib/gcc/arm-none-eabi/11.3.1/../../../../arm-none-eabi/lib/thumb/v7e-m+fp/hard/libc_nano.a
LOAD /Applications/STM32CubeIDE.app/Contents/Eclipse/plugins/com.st.stm32cube.ide.mcu.externaltools.gnu-tools-for-stm32.11.3.rel1.macos64_1.1.1.202309131626/tools/bin/../lib/gcc/arm-none-eabi/11.3.1/../../../../arm-none-eabi/lib/thumb/v7e-m+fp/hard/libnosys.a
END GROUP
LOAD /Applications/STM32CubeIDE.app/Contents/Eclipse/plugins/com.st.stm32cube.ide.mcu.externaltools.gnu-tools-for-stm32.11.3.rel1.macos64_1.1.1.202309131626/tools/bin/../lib/gcc/arm-none-eabi/11.3.1/thumb/v7e-m+fp/hard/crtend.o
LOAD /Applications/STM32CubeIDE.app/Contents/Eclipse/plugins/com.st.stm32cube.ide.mcu.externaltools.gnu-tools-for-stm32.11.3.rel1.macos64_1.1.1.202309131626/tools/bin/../lib/gcc/arm-none-eabi/11.3.1/thumb/v7e-m+fp/hard/crtn.o
                0x0000000020018000                _estack = (ORIGIN (RAM) + LENGTH (RAM))
                0x0000000000000200                _Min_Heap_Size = 0x200
                0x0000000000000400                _Min_Stack_Size = 0x400

.isr_vector     0x0000000008000000      0x194
                0x0000000008000000                . = ALIGN (0x4)
 *(.isr_vector)
 .isr_vector    0x0000000008000000      0x194 ./Core/Startup/startup_stm32f401retx.o
                0x0000000008000000                g_pfnVectors
                0x0000000008000194                . = ALIGN (0x4)

.text           0x0000000008000194     0x25a0
                0x0000000008000194                . = ALIGN (0x4)
 *(.text)
 .text          0x0000000008000194       0x40 /Applications/STM32CubeIDE.app/Contents/Eclipse/plugins/com.st.stm32cube.ide.mcu.externaltools.gnu-tools-for-stm32.11.3.rel1.macos64_1.1.1.202309131626/tools/bin/../lib/gcc/arm-none-eabi/11.3.1/thumb/v7e-m+fp/hard/crtbegin.o
 .text          0x00000000080001d4       0x10 /Applications/STM32CubeIDE.app/Contents/Eclipse/plugins/com.st.stm32cube.ide.mcu.externaltools.gnu-tools-for-stm32.11.3.rel1.macos64_1.1.1.202309131626/tools/bin/../lib/gcc/arm-none-eabi/11.3.1/../../../../arm-none-eabi/lib/thumb/v7e-m+fp/hard/libc_nano.a(libc_a-strlen.o)
                0x00000000080001d4                strlen
 .text          0x00000000080001e4       0x30 /Applications/STM32CubeIDE.app/Contents/Eclipse/plugins/com.st.stm32cube.ide.mcu.externaltools.gnu-tools-for-stm32.11.3.rel1.macos64_1.1.1.202309131626/tools/bin/../lib/gcc/arm-none-eabi/11.3.1/thumb/v7e-m+fp/hard/libgcc.a(_aeabi_uldivmod.o)
                0x00000000080001e4                __aeabi_uldivmod
 .text          0x0000000008000214      0x2c8 /Applications/STM32CubeIDE.app/Contents/Eclipse/plugins/com.st.stm32cube.ide.mcu.externaltools.gnu-tools-for-stm32.11.3.rel1.macos64_1.1.1.202309131626/tools/bin/../lib/gcc/arm-none-eabi/11.3.1/thumb/v7e-m+fp/hard/libgcc.a(_udivmoddi4.o)
                0x0000000008000214                __udivmoddi4
 .text          0x00000000080004dc        0x4 /Applications/STM32CubeIDE.app/Contents/Eclipse/plugins/com.st.stm32cube.ide.mcu.externaltools.gnu-tools-for-stm32.11.3.rel1.macos64_1.1.1.202309131626/tools/bin/../lib/gcc/arm-none-eabi/11.3.1/thumb/v7e-m+fp/hard/libgcc.a(_dvmd_tls.o)
                0x00000000080004dc                __aeabi_ldiv0
                0x00000000080004dc                __aeabi_idiv0
 *(.text*)
 .text.MX_GPIO_Init
                0x00000000080004e0      0x16c ./Core/Src/gpio.o
                0x00000000080004e0                MX_GPIO_Init
 .text.Lcd_create
                0x000000000800064c       0x56 ./Core/Src/lcd.o
                0x000000000800064c                Lcd_create
 .text.Lcd_init
                0x00000000080006a2       0x52 ./Core/Src/lcd.o
                0x00000000080006a2                Lcd_init
 .text.Lcd_string
                0x00000000080006f4       0x3e ./Core/Src/lcd.o
                0x00000000080006f4                Lcd_string
 *fill*         0x0000000008000732        0x2 
 .text.Lcd_cursor
                0x0000000008000734       0x34 ./Core/Src/lcd.o
                0x0000000008000734                Lcd_cursor
 .text.lcd_write_command
                0x0000000008000768       0x5c ./Core/Src/lcd.o
 .text.lcd_write_data
                0x00000000080007c4       0x5c ./Core/Src/lcd.o
 .text.lcd_write
                0x0000000008000820       0x80 ./Core/Src/lcd.o
 .text.second_update_clock
                0x00000000080008a0      0x168 ./Core/Src/main.o
                0x00000000080008a0                second_update_clock
 .text.display_info_s
                0x0000000008000a08       0x56 ./Core/Src/main.o
                0x0000000008000a08                display_info_s
 .text.get_display_pos
                0x0000000008000a5e       0x3a ./Core/Src/main.o
                0x0000000008000a5e                get_display_pos
 .text.main     0x0000000008000a98      0x10c ./Core/Src/main.o
                0x0000000008000a98                main
 .text.SystemClock_Config
                0x0000000008000ba4       0xd8 ./Core/Src/main.o
                0x0000000008000ba4                SystemClock_Config
 .text.Error_Handler
                0x0000000008000c7c        0xa ./Core/Src/main.o
                0x0000000008000c7c                Error_Handler
 *fill*         0x0000000008000c86        0x2 
 .text.HAL_MspInit
                0x0000000008000c88       0x50 ./Core/Src/stm32f4xx_hal_msp.o
                0x0000000008000c88                HAL_MspInit
 .text.NMI_Handler
                0x0000000008000cd8        0x6 ./Core/Src/stm32f4xx_it.o
                0x0000000008000cd8                NMI_Handler
 .text.HardFault_Handler
                0x0000000008000cde        0x6 ./Core/Src/stm32f4xx_it.o
                0x0000000008000cde                HardFault_Handler
 .text.MemManage_Handler
                0x0000000008000ce4        0x6 ./Core/Src/stm32f4xx_it.o
                0x0000000008000ce4                MemManage_Handler
 .text.BusFault_Handler
                0x0000000008000cea        0x6 ./Core/Src/stm32f4xx_it.o
                0x0000000008000cea                BusFault_Handler
 .text.UsageFault_Handler
                0x0000000008000cf0        0x6 ./Core/Src/stm32f4xx_it.o
                0x0000000008000cf0                UsageFault_Handler
 .text.SVC_Handler
                0x0000000008000cf6        0xe ./Core/Src/stm32f4xx_it.o
                0x0000000008000cf6                SVC_Handler
 .text.DebugMon_Handler
                0x0000000008000d04        0xe ./Core/Src/stm32f4xx_it.o
                0x0000000008000d04                DebugMon_Handler
 .text.PendSV_Handler
                0x0000000008000d12        0xe ./Core/Src/stm32f4xx_it.o
                0x0000000008000d12                PendSV_Handler
 .text.SysTick_Handler
                0x0000000008000d20        0xc ./Core/Src/stm32f4xx_it.o
                0x0000000008000d20                SysTick_Handler
 .text.SystemInit
                0x0000000008000d2c       0x24 ./Core/Src/system_stm32f4xx.o
                0x0000000008000d2c                SystemInit
 .text.MX_TIM2_Init
                0x0000000008000d50       0xb0 ./Core/Src/tim.o
                0x0000000008000d50                MX_TIM2_Init
 .text.HAL_TIM_PWM_MspInit
                0x0000000008000e00       0x40 ./Core/Src/tim.o
                0x0000000008000e00                HAL_TIM_PWM_MspInit
 .text.HAL_TIM_MspPostInit
                0x0000000008000e40       0x70 ./Core/Src/tim.o
                0x0000000008000e40                HAL_TIM_MspPostInit
 .text.Reset_Handler
                0x0000000008000eb0       0x50 ./Core/Startup/startup_stm32f401retx.o
                0x0000000008000eb0                Reset_Handler
 .text.Default_Handler
                0x0000000008000f00        0x2 ./Core/Startup/startup_stm32f401retx.o
                0x0000000008000f00                DMA1_Stream3_IRQHandler
                0x0000000008000f00                EXTI2_IRQHandler
                0x0000000008000f00                SPI4_IRQHandler
                0x0000000008000f00                TIM1_CC_IRQHandler
                0x0000000008000f00                DMA2_Stream5_IRQHandler
                0x0000000008000f00                DMA1_Stream5_IRQHandler
                0x0000000008000f00                PVD_IRQHandler
                0x0000000008000f00                SDIO_IRQHandler
                0x0000000008000f00                TAMP_STAMP_IRQHandler
                0x0000000008000f00                EXTI3_IRQHandler
                0x0000000008000f00                TIM1_UP_TIM10_IRQHandler
                0x0000000008000f00                I2C3_ER_IRQHandler
                0x0000000008000f00                EXTI0_IRQHandler
                0x0000000008000f00                I2C2_EV_IRQHandler
                0x0000000008000f00                DMA1_Stream2_IRQHandler
                0x0000000008000f00                FPU_IRQHandler
                0x0000000008000f00                DMA2_Stream2_IRQHandler
                0x0000000008000f00                SPI1_IRQHandler
                0x0000000008000f00                TIM1_BRK_TIM9_IRQHandler
                0x0000000008000f00                DMA2_Stream3_IRQHandler
                0x0000000008000f00                USART6_IRQHandler
                0x0000000008000f00                DMA2_Stream0_IRQHandler
                0x0000000008000f00                TIM4_IRQHandler
                0x0000000008000f00                I2C1_EV_IRQHandler
                0x0000000008000f00                DMA1_Stream6_IRQHandler
                0x0000000008000f00                DMA1_Stream1_IRQHandler
                0x0000000008000f00                TIM3_IRQHandler
                0x0000000008000f00                RCC_IRQHandler
                0x0000000008000f00                Default_Handler
                0x0000000008000f00                EXTI15_10_IRQHandler
                0x0000000008000f00                ADC_IRQHandler
                0x0000000008000f00                DMA1_Stream7_IRQHandler
                0x0000000008000f00                TIM5_IRQHandler
                0x0000000008000f00                DMA2_Stream7_IRQHandler
                0x0000000008000f00                I2C3_EV_IRQHandler
                0x0000000008000f00                EXTI9_5_IRQHandler
                0x0000000008000f00                RTC_WKUP_IRQHandler
                0x0000000008000f00                SPI2_IRQHandler
                0x0000000008000f00                DMA1_Stream0_IRQHandler
                0x0000000008000f00                EXTI4_IRQHandler
                0x0000000008000f00                WWDG_IRQHandler
                0x0000000008000f00                TIM2_IRQHandler
                0x0000000008000f00                OTG_FS_WKUP_IRQHandler
                0x0000000008000f00                TIM1_TRG_COM_TIM11_IRQHandler
                0x0000000008000f00                EXTI1_IRQHandler
                0x0000000008000f00                USART2_IRQHandler
                0x0000000008000f00                I2C2_ER_IRQHandler
                0x0000000008000f00                DMA2_Stream1_IRQHandler
                0x0000000008000f00                FLASH_IRQHandler
                0x0000000008000f00                DMA2_Stream4_IRQHandler
                0x0000000008000f00                USART1_IRQHandler
                0x0000000008000f00                OTG_FS_IRQHandler
                0x0000000008000f00                SPI3_IRQHandler
                0x0000000008000f00                DMA1_Stream4_IRQHandler
                0x0000000008000f00                I2C1_ER_IRQHandler
                0x0000000008000f00                DMA2_Stream6_IRQHandler
                0x0000000008000f00                RTC_Alarm_IRQHandler
 *fill*         0x0000000008000f02        0x2 
 .text.HAL_Init
                0x0000000008000f04       0x44 ./Drivers/STM32F4xx_HAL_Driver/Src/stm32f4xx_hal.o
                0x0000000008000f04                HAL_Init
 .text.HAL_InitTick
                0x0000000008000f48       0x60 ./Drivers/STM32F4xx_HAL_Driver/Src/stm32f4xx_hal.o
                0x0000000008000f48                HAL_InitTick
 .text.HAL_IncTick
                0x0000000008000fa8       0x28 ./Drivers/STM32F4xx_HAL_Driver/Src/stm32f4xx_hal.o
                0x0000000008000fa8                HAL_IncTick
 .text.HAL_GetTick
                0x0000000008000fd0       0x18 ./Drivers/STM32F4xx_HAL_Driver/Src/stm32f4xx_hal.o
                0x0000000008000fd0                HAL_GetTick
 .text.HAL_Delay
                0x0000000008000fe8       0x48 ./Drivers/STM32F4xx_HAL_Driver/Src/stm32f4xx_hal.o
                0x0000000008000fe8                HAL_Delay
 .text.__NVIC_SetPriorityGrouping
                0x0000000008001030       0x48 ./Drivers/STM32F4xx_HAL_Driver/Src/stm32f4xx_hal_cortex.o
 .text.__NVIC_GetPriorityGrouping
                0x0000000008001078       0x1c ./Drivers/STM32F4xx_HAL_Driver/Src/stm32f4xx_hal_cortex.o
 .text.__NVIC_SetPriority
                0x0000000008001094       0x54 ./Drivers/STM32F4xx_HAL_Driver/Src/stm32f4xx_hal_cortex.o
 .text.NVIC_EncodePriority
                0x00000000080010e8       0x66 ./Drivers/STM32F4xx_HAL_Driver/Src/stm32f4xx_hal_cortex.o
 *fill*         0x000000000800114e        0x2 
 .text.SysTick_Config
                0x0000000008001150       0x44 ./Drivers/STM32F4xx_HAL_Driver/Src/stm32f4xx_hal_cortex.o
 .text.HAL_NVIC_SetPriorityGrouping
                0x0000000008001194       0x16 ./Drivers/STM32F4xx_HAL_Driver/Src/stm32f4xx_hal_cortex.o
                0x0000000008001194                HAL_NVIC_SetPriorityGrouping
 .text.HAL_NVIC_SetPriority
                0x00000000080011aa       0x38 ./Drivers/STM32F4xx_HAL_Driver/Src/stm32f4xx_hal_cortex.o
                0x00000000080011aa                HAL_NVIC_SetPriority
 .text.HAL_SYSTICK_Config
                0x00000000080011e2       0x18 ./Drivers/STM32F4xx_HAL_Driver/Src/stm32f4xx_hal_cortex.o
                0x00000000080011e2                HAL_SYSTICK_Config
 *fill*         0x00000000080011fa        0x2 
 .text.HAL_GPIO_Init
                0x00000000080011fc      0x308 ./Drivers/STM32F4xx_HAL_Driver/Src/stm32f4xx_hal_gpio.o
                0x00000000080011fc                HAL_GPIO_Init
 .text.HAL_GPIO_WritePin
                0x0000000008001504       0x32 ./Drivers/STM32F4xx_HAL_Driver/Src/stm32f4xx_hal_gpio.o
                0x0000000008001504                HAL_GPIO_WritePin
 *fill*         0x0000000008001536        0x2 
 .text.HAL_RCC_OscConfig
                0x0000000008001538      0x4f0 ./Drivers/STM32F4xx_HAL_Driver/Src/stm32f4xx_hal_rcc.o
                0x0000000008001538                HAL_RCC_OscConfig
 .text.HAL_RCC_ClockConfig
                0x0000000008001a28      0x1cc ./Drivers/STM32F4xx_HAL_Driver/Src/stm32f4xx_hal_rcc.o
                0x0000000008001a28                HAL_RCC_ClockConfig
 .text.HAL_RCC_GetSysClockFreq
                0x0000000008001bf4      0x20c ./Drivers/STM32F4xx_HAL_Driver/Src/stm32f4xx_hal_rcc.o
                0x0000000008001bf4                HAL_RCC_GetSysClockFreq
 .text.HAL_TIM_PWM_Init
                0x0000000008001e00       0x9e ./Drivers/STM32F4xx_HAL_Driver/Src/stm32f4xx_hal_tim.o
                0x0000000008001e00                HAL_TIM_PWM_Init
 *fill*         0x0000000008001e9e        0x2 
 .text.HAL_TIM_PWM_Start
                0x0000000008001ea0      0x160 ./Drivers/STM32F4xx_HAL_Driver/Src/stm32f4xx_hal_tim.o
                0x0000000008001ea0                HAL_TIM_PWM_Start
 .text.HAL_TIM_PWM_ConfigChannel
                0x0000000008002000      0x184 ./Drivers/STM32F4xx_HAL_Driver/Src/stm32f4xx_hal_tim.o
                0x0000000008002000                HAL_TIM_PWM_ConfigChannel
 .text.TIM_Base_SetConfig
                0x0000000008002184      0x100 ./Drivers/STM32F4xx_HAL_Driver/Src/stm32f4xx_hal_tim.o
                0x0000000008002184                TIM_Base_SetConfig
 .text.TIM_OC1_SetConfig
                0x0000000008002284       0xcc ./Drivers/STM32F4xx_HAL_Driver/Src/stm32f4xx_hal_tim.o
 .text.TIM_OC2_SetConfig
                0x0000000008002350       0xd8 ./Drivers/STM32F4xx_HAL_Driver/Src/stm32f4xx_hal_tim.o
                0x0000000008002350                TIM_OC2_SetConfig
 .text.TIM_OC3_SetConfig
                0x0000000008002428       0xd4 ./Drivers/STM32F4xx_HAL_Driver/Src/stm32f4xx_hal_tim.o
 .text.TIM_OC4_SetConfig
                0x00000000080024fc       0xa0 ./Drivers/STM32F4xx_HAL_Driver/Src/stm32f4xx_hal_tim.o
 .text.TIM_CCxChannelCmd
                0x000000000800259c       0x4a ./Drivers/STM32F4xx_HAL_Driver/Src/stm32f4xx_hal_tim.o
                0x000000000800259c                TIM_CCxChannelCmd
 *fill*         0x00000000080025e6        0x2 
 .text.HAL_TIMEx_MasterConfigSynchronization
                0x00000000080025e8       0xdc ./Drivers/STM32F4xx_HAL_Driver/Src/stm32f4xx_hal_tim_ex.o
                0x00000000080025e8                HAL_TIMEx_MasterConfigSynchronization
 .text.memset   0x00000000080026c4       0x10 /Applications/STM32CubeIDE.app/Contents/Eclipse/plugins/com.st.stm32cube.ide.mcu.externaltools.gnu-tools-for-stm32.11.3.rel1.macos64_1.1.1.202309131626/tools/bin/../lib/gcc/arm-none-eabi/11.3.1/../../../../arm-none-eabi/lib/thumb/v7e-m+fp/hard/libc_nano.a(libc_a-memset.o)
                0x00000000080026c4                memset
 .text.__libc_init_array
                0x00000000080026d4       0x48 /Applications/STM32CubeIDE.app/Contents/Eclipse/plugins/com.st.stm32cube.ide.mcu.externaltools.gnu-tools-for-stm32.11.3.rel1.macos64_1.1.1.202309131626/tools/bin/../lib/gcc/arm-none-eabi/11.3.1/../../../../arm-none-eabi/lib/thumb/v7e-m+fp/hard/libc_nano.a(libc_a-init.o)
                0x00000000080026d4                __libc_init_array
 *(.glue_7)
 .glue_7        0x000000000800271c        0x0 linker stubs
 *(.glue_7t)
 .glue_7t       0x000000000800271c        0x0 linker stubs
 *(.eh_frame)
 .eh_frame      0x000000000800271c        0x0 /Applications/STM32CubeIDE.app/Contents/Eclipse/plugins/com.st.stm32cube.ide.mcu.externaltools.gnu-tools-for-stm32.11.3.rel1.macos64_1.1.1.202309131626/tools/bin/../lib/gcc/arm-none-eabi/11.3.1/thumb/v7e-m+fp/hard/crtbegin.o
 *(.init)
 .init          0x000000000800271c        0x4 /Applications/STM32CubeIDE.app/Contents/Eclipse/plugins/com.st.stm32cube.ide.mcu.externaltools.gnu-tools-for-stm32.11.3.rel1.macos64_1.1.1.202309131626/tools/bin/../lib/gcc/arm-none-eabi/11.3.1/thumb/v7e-m+fp/hard/crti.o
                0x000000000800271c                _init
 .init          0x0000000008002720        0x8 /Applications/STM32CubeIDE.app/Contents/Eclipse/plugins/com.st.stm32cube.ide.mcu.externaltools.gnu-tools-for-stm32.11.3.rel1.macos64_1.1.1.202309131626/tools/bin/../lib/gcc/arm-none-eabi/11.3.1/thumb/v7e-m+fp/hard/crtn.o
 *(.fini)
 .fini          0x0000000008002728        0x4 /Applications/STM32CubeIDE.app/Contents/Eclipse/plugins/com.st.stm32cube.ide.mcu.externaltools.gnu-tools-for-stm32.11.3.rel1.macos64_1.1.1.202309131626/tools/bin/../lib/gcc/arm-none-eabi/11.3.1/thumb/v7e-m+fp/hard/crti.o
                0x0000000008002728                _fini
 .fini          0x000000000800272c        0x8 /Applications/STM32CubeIDE.app/Contents/Eclipse/plugins/com.st.stm32cube.ide.mcu.externaltools.gnu-tools-for-stm32.11.3.rel1.macos64_1.1.1.202309131626/tools/bin/../lib/gcc/arm-none-eabi/11.3.1/thumb/v7e-m+fp/hard/crtn.o
                0x0000000008002734                . = ALIGN (0x4)
                0x0000000008002734                _etext = .

.vfp11_veneer   0x0000000008002734        0x0
 .vfp11_veneer  0x0000000008002734        0x0 linker stubs

.v4_bx          0x0000000008002734        0x0
 .v4_bx         0x0000000008002734        0x0 linker stubs

.iplt           0x0000000008002734        0x0
 .iplt          0x0000000008002734        0x0 /Applications/STM32CubeIDE.app/Contents/Eclipse/plugins/com.st.stm32cube.ide.mcu.externaltools.gnu-tools-for-stm32.11.3.rel1.macos64_1.1.1.202309131626/tools/bin/../lib/gcc/arm-none-eabi/11.3.1/thumb/v7e-m+fp/hard/crtbegin.o

.rodata         0x0000000008002734       0x70
                0x0000000008002734                . = ALIGN (0x4)
 *(.rodata)
 .rodata        0x0000000008002734       0x5c ./Core/Src/main.o
 *(.rodata*)
 .rodata.ROW_16
                0x0000000008002790        0x4 ./Core/Src/lcd.o
                0x0000000008002790                ROW_16
 .rodata.AHBPrescTable
                0x0000000008002794       0x10 ./Core/Src/system_stm32f4xx.o
                0x0000000008002794                AHBPrescTable
                0x00000000080027a4                . = ALIGN (0x4)

.ARM.extab      0x00000000080027a4        0x0
                0x00000000080027a4                . = ALIGN (0x4)
 *(.ARM.extab* .gnu.linkonce.armextab.*)
                0x00000000080027a4                . = ALIGN (0x4)

.ARM            0x00000000080027a4        0x8
                0x00000000080027a4                . = ALIGN (0x4)
                0x00000000080027a4                __exidx_start = .
 *(.ARM.exidx*)
 .ARM.exidx     0x00000000080027a4        0x8 /Applications/STM32CubeIDE.app/Contents/Eclipse/plugins/com.st.stm32cube.ide.mcu.externaltools.gnu-tools-for-stm32.11.3.rel1.macos64_1.1.1.202309131626/tools/bin/../lib/gcc/arm-none-eabi/11.3.1/thumb/v7e-m+fp/hard/libgcc.a(_udivmoddi4.o)
                0x00000000080027ac                __exidx_end = .
                0x00000000080027ac                . = ALIGN (0x4)

.rel.dyn        0x00000000080027ac        0x0
 .rel.iplt      0x00000000080027ac        0x0 /Applications/STM32CubeIDE.app/Contents/Eclipse/plugins/com.st.stm32cube.ide.mcu.externaltools.gnu-tools-for-stm32.11.3.rel1.macos64_1.1.1.202309131626/tools/bin/../lib/gcc/arm-none-eabi/11.3.1/thumb/v7e-m+fp/hard/crtbegin.o

.preinit_array  0x00000000080027ac        0x0
                0x00000000080027ac                . = ALIGN (0x4)
                0x00000000080027ac                PROVIDE (__preinit_array_start = .)
 *(.preinit_array*)
                0x00000000080027ac                PROVIDE (__preinit_array_end = .)
                0x00000000080027ac                . = ALIGN (0x4)

.init_array     0x00000000080027ac        0x4
                0x00000000080027ac                . = ALIGN (0x4)
                0x00000000080027ac                PROVIDE (__init_array_start = .)
 *(SORT_BY_NAME(.init_array.*))
 *(.init_array*)
 .init_array    0x00000000080027ac        0x4 /Applications/STM32CubeIDE.app/Contents/Eclipse/plugins/com.st.stm32cube.ide.mcu.externaltools.gnu-tools-for-stm32.11.3.rel1.macos64_1.1.1.202309131626/tools/bin/../lib/gcc/arm-none-eabi/11.3.1/thumb/v7e-m+fp/hard/crtbegin.o
                0x00000000080027b0                PROVIDE (__init_array_end = .)
                0x00000000080027b0                . = ALIGN (0x4)

.fini_array     0x00000000080027b0        0x4
                0x00000000080027b0                . = ALIGN (0x4)
                [!provide]                        PROVIDE (__fini_array_start = .)
 *(SORT_BY_NAME(.fini_array.*))
 *(.fini_array*)
 .fini_array    0x00000000080027b0        0x4 /Applications/STM32CubeIDE.app/Contents/Eclipse/plugins/com.st.stm32cube.ide.mcu.externaltools.gnu-tools-for-stm32.11.3.rel1.macos64_1.1.1.202309131626/tools/bin/../lib/gcc/arm-none-eabi/11.3.1/thumb/v7e-m+fp/hard/crtbegin.o
                [!provide]                        PROVIDE (__fini_array_end = .)
                0x00000000080027b4                . = ALIGN (0x4)
                0x00000000080027b4                _sidata = LOADADDR (.data)

.data           0x0000000020000000       0x3c load address 0x00000000080027b4
                0x0000000020000000                . = ALIGN (0x4)
                0x0000000020000000                _sdata = .
 *(.data)
 *(.data*)
 .data.D_MONTHS
                0x0000000020000000       0x30 ./Core/Src/main.o
                0x0000000020000000                D_MONTHS
 .data.SystemCoreClock
                0x0000000020000030        0x4 ./Core/Src/system_stm32f4xx.o
                0x0000000020000030                SystemCoreClock
 .data.uwTickPrio
                0x0000000020000034        0x4 ./Drivers/STM32F4xx_HAL_Driver/Src/stm32f4xx_hal.o
                0x0000000020000034                uwTickPrio
 .data.uwTickFreq
                0x0000000020000038        0x1 ./Drivers/STM32F4xx_HAL_Driver/Src/stm32f4xx_hal.o
                0x0000000020000038                uwTickFreq
 *(.RamFunc)
 *(.RamFunc*)
                0x000000002000003c                . = ALIGN (0x4)
 *fill*         0x0000000020000039        0x3 
                0x000000002000003c                _edata = .

.igot.plt       0x000000002000003c        0x0 load address 0x00000000080027f0
 .igot.plt      0x000000002000003c        0x0 /Applications/STM32CubeIDE.app/Contents/Eclipse/plugins/com.st.stm32cube.ide.mcu.externaltools.gnu-tools-for-stm32.11.3.rel1.macos64_1.1.1.202309131626/tools/bin/../lib/gcc/arm-none-eabi/11.3.1/thumb/v7e-m+fp/hard/crtbegin.o
                0x000000002000003c                . = ALIGN (0x4)

.bss            0x000000002000003c       0x78 load address 0x00000000080027f0
                0x000000002000003c                _sbss = .
                0x000000002000003c                __bss_start__ = _sbss
 *(.bss)
 .bss           0x000000002000003c       0x1c /Applications/STM32CubeIDE.app/Contents/Eclipse/plugins/com.st.stm32cube.ide.mcu.externaltools.gnu-tools-for-stm32.11.3.rel1.macos64_1.1.1.202309131626/tools/bin/../lib/gcc/arm-none-eabi/11.3.1/thumb/v7e-m+fp/hard/crtbegin.o
 *(.bss*)
 .bss.C_START_TIME
                0x0000000020000058        0x4 ./Core/Src/main.o
                0x0000000020000058                C_START_TIME
 .bss.CURRENT_TIME
                0x000000002000005c        0x4 ./Core/Src/main.o
                0x000000002000005c                CURRENT_TIME
 .bss.PREV_TIME
                0x0000000020000060        0x4 ./Core/Src/main.o
                0x0000000020000060                PREV_TIME
 .bss.DELTA_TIME
                0x0000000020000064        0x4 ./Core/Src/main.o
                0x0000000020000064                DELTA_TIME
 .bss.htim2     0x0000000020000068       0x48 ./Core/Src/tim.o
                0x0000000020000068                htim2
 .bss.uwTick    0x00000000200000b0        0x4 ./Drivers/STM32F4xx_HAL_Driver/Src/stm32f4xx_hal.o
                0x00000000200000b0                uwTick
 *(COMMON)
                0x00000000200000b4                . = ALIGN (0x4)
                0x00000000200000b4                _ebss = .
                0x00000000200000b4                __bss_end__ = _ebss

._user_heap_stack
                0x00000000200000b4      0x604 load address 0x00000000080027f0
                0x00000000200000b8                . = ALIGN (0x8)
 *fill*         0x00000000200000b4        0x4 
                [!provide]                        PROVIDE (end = .)
                0x00000000200000b8                PROVIDE (_end = .)
                0x00000000200002b8                . = (. + _Min_Heap_Size)
 *fill*         0x00000000200000b8      0x200 
                0x00000000200006b8                . = (. + _Min_Stack_Size)
 *fill*         0x00000000200002b8      0x400 
                0x00000000200006b8                . = ALIGN (0x8)

/DISCARD/
 libc.a(*)
 libm.a(*)
 libgcc.a(*)

.ARM.attributes
                0x0000000000000000       0x30
 *(.ARM.attributes)
 .ARM.attributes
                0x0000000000000000       0x1e /Applications/STM32CubeIDE.app/Contents/Eclipse/plugins/com.st.stm32cube.ide.mcu.externaltools.gnu-tools-for-stm32.11.3.rel1.macos64_1.1.1.202309131626/tools/bin/../lib/gcc/arm-none-eabi/11.3.1/thumb/v7e-m+fp/hard/crti.o
 .ARM.attributes
                0x000000000000001e       0x34 /Applications/STM32CubeIDE.app/Contents/Eclipse/plugins/com.st.stm32cube.ide.mcu.externaltools.gnu-tools-for-stm32.11.3.rel1.macos64_1.1.1.202309131626/tools/bin/../lib/gcc/arm-none-eabi/11.3.1/thumb/v7e-m+fp/hard/crtbegin.o
 .ARM.attributes
                0x0000000000000052       0x34 ./Core/Src/gpio.o
 .ARM.attributes
                0x0000000000000086       0x34 ./Core/Src/lcd.o
 .ARM.attributes
                0x00000000000000ba       0x34 ./Core/Src/main.o
 .ARM.attributes
                0x00000000000000ee       0x34 ./Core/Src/stm32f4xx_hal_msp.o
 .ARM.attributes
                0x0000000000000122       0x34 ./Core/Src/stm32f4xx_it.o
 .ARM.attributes
                0x0000000000000156       0x34 ./Core/Src/system_stm32f4xx.o
 .ARM.attributes
                0x000000000000018a       0x34 ./Core/Src/tim.o
 .ARM.attributes
                0x00000000000001be       0x21 ./Core/Startup/startup_stm32f401retx.o
 .ARM.attributes
                0x00000000000001df       0x34 ./Drivers/STM32F4xx_HAL_Driver/Src/stm32f4xx_hal.o
 .ARM.attributes
                0x0000000000000213       0x34 ./Drivers/STM32F4xx_HAL_Driver/Src/stm32f4xx_hal_cortex.o
 .ARM.attributes
                0x0000000000000247       0x34 ./Drivers/STM32F4xx_HAL_Driver/Src/stm32f4xx_hal_gpio.o
 .ARM.attributes
                0x000000000000027b       0x34 ./Drivers/STM32F4xx_HAL_Driver/Src/stm32f4xx_hal_rcc.o
 .ARM.attributes
                0x00000000000002af       0x34 ./Drivers/STM32F4xx_HAL_Driver/Src/stm32f4xx_hal_tim.o
 .ARM.attributes
                0x00000000000002e3       0x34 ./Drivers/STM32F4xx_HAL_Driver/Src/stm32f4xx_hal_tim_ex.o
 .ARM.attributes
                0x0000000000000317       0x34 /Applications/STM32CubeIDE.app/Contents/Eclipse/plugins/com.st.stm32cube.ide.mcu.externaltools.gnu-tools-for-stm32.11.3.rel1.macos64_1.1.1.202309131626/tools/bin/../lib/gcc/arm-none-eabi/11.3.1/../../../../arm-none-eabi/lib/thumb/v7e-m+fp/hard/libc_nano.a(libc_a-memset.o)
 .ARM.attributes
                0x000000000000034b       0x34 /Applications/STM32CubeIDE.app/Contents/Eclipse/plugins/com.st.stm32cube.ide.mcu.externaltools.gnu-tools-for-stm32.11.3.rel1.macos64_1.1.1.202309131626/tools/bin/../lib/gcc/arm-none-eabi/11.3.1/../../../../arm-none-eabi/lib/thumb/v7e-m+fp/hard/libc_nano.a(libc_a-init.o)
 .ARM.attributes
                0x000000000000037f       0x17 /Applications/STM32CubeIDE.app/Contents/Eclipse/plugins/com.st.stm32cube.ide.mcu.externaltools.gnu-tools-for-stm32.11.3.rel1.macos64_1.1.1.202309131626/tools/bin/../lib/gcc/arm-none-eabi/11.3.1/../../../../arm-none-eabi/lib/thumb/v7e-m+fp/hard/libc_nano.a(libc_a-strlen.o)
 .ARM.attributes
                0x0000000000000396       0x1e /Applications/STM32CubeIDE.app/Contents/Eclipse/plugins/com.st.stm32cube.ide.mcu.externaltools.gnu-tools-for-stm32.11.3.rel1.macos64_1.1.1.202309131626/tools/bin/../lib/gcc/arm-none-eabi/11.3.1/thumb/v7e-m+fp/hard/libgcc.a(_aeabi_uldivmod.o)
 .ARM.attributes
                0x00000000000003b4       0x34 /Applications/STM32CubeIDE.app/Contents/Eclipse/plugins/com.st.stm32cube.ide.mcu.externaltools.gnu-tools-for-stm32.11.3.rel1.macos64_1.1.1.202309131626/tools/bin/../lib/gcc/arm-none-eabi/11.3.1/thumb/v7e-m+fp/hard/libgcc.a(_udivmoddi4.o)
 .ARM.attributes
                0x00000000000003e8       0x1e /Applications/STM32CubeIDE.app/Contents/Eclipse/plugins/com.st.stm32cube.ide.mcu.externaltools.gnu-tools-for-stm32.11.3.rel1.macos64_1.1.1.202309131626/tools/bin/../lib/gcc/arm-none-eabi/11.3.1/thumb/v7e-m+fp/hard/libgcc.a(_dvmd_tls.o)
 .ARM.attributes
                0x0000000000000406       0x1e /Applications/STM32CubeIDE.app/Contents/Eclipse/plugins/com.st.stm32cube.ide.mcu.externaltools.gnu-tools-for-stm32.11.3.rel1.macos64_1.1.1.202309131626/tools/bin/../lib/gcc/arm-none-eabi/11.3.1/thumb/v7e-m+fp/hard/crtn.o
OUTPUT(198.elf elf32-littlearm)
LOAD linker stubs
LOAD /Applications/STM32CubeIDE.app/Contents/Eclipse/plugins/com.st.stm32cube.ide.mcu.externaltools.gnu-tools-for-stm32.11.3.rel1.macos64_1.1.1.202309131626/tools/bin/../lib/gcc/arm-none-eabi/11.3.1/../../../../arm-none-eabi/lib/thumb/v7e-m+fp/hard/libc.a
LOAD /Applications/STM32CubeIDE.app/Contents/Eclipse/plugins/com.st.stm32cube.ide.mcu.externaltools.gnu-tools-for-stm32.11.3.rel1.macos64_1.1.1.202309131626/tools/bin/../lib/gcc/arm-none-eabi/11.3.1/../../../../arm-none-eabi/lib/thumb/v7e-m+fp/hard/libm.a
LOAD /Applications/STM32CubeIDE.app/Contents/Eclipse/plugins/com.st.stm32cube.ide.mcu.externaltools.gnu-tools-for-stm32.11.3.rel1.macos64_1.1.1.202309131626/tools/bin/../lib/gcc/arm-none-eabi/11.3.1/thumb/v7e-m+fp/hard/libgcc.a

.comment        0x0000000000000000       0x43
 .comment       0x0000000000000000       0x43 /Applications/STM32CubeIDE.app/Contents/Eclipse/plugins/com.st.stm32cube.ide.mcu.externaltools.gnu-tools-for-stm32.11.3.rel1.macos64_1.1.1.202309131626/tools/bin/../lib/gcc/arm-none-eabi/11.3.1/thumb/v7e-m+fp/hard/crtbegin.o
                                         0x44 (size before relaxing)
 .comment       0x0000000000000043       0x44 ./Core/Src/gpio.o
 .comment       0x0000000000000043       0x44 ./Core/Src/lcd.o
 .comment       0x0000000000000043       0x44 ./Core/Src/main.o
 .comment       0x0000000000000043       0x44 ./Core/Src/stm32f4xx_hal_msp.o
 .comment       0x0000000000000043       0x44 ./Core/Src/stm32f4xx_it.o
 .comment       0x0000000000000043       0x44 ./Core/Src/system_stm32f4xx.o
 .comment       0x0000000000000043       0x44 ./Core/Src/tim.o
 .comment       0x0000000000000043       0x44 ./Drivers/STM32F4xx_HAL_Driver/Src/stm32f4xx_hal.o
 .comment       0x0000000000000043       0x44 ./Drivers/STM32F4xx_HAL_Driver/Src/stm32f4xx_hal_cortex.o
 .comment       0x0000000000000043       0x44 ./Drivers/STM32F4xx_HAL_Driver/Src/stm32f4xx_hal_gpio.o
 .comment       0x0000000000000043       0x44 ./Drivers/STM32F4xx_HAL_Driver/Src/stm32f4xx_hal_rcc.o
 .comment       0x0000000000000043       0x44 ./Drivers/STM32F4xx_HAL_Driver/Src/stm32f4xx_hal_tim.o
 .comment       0x0000000000000043       0x44 ./Drivers/STM32F4xx_HAL_Driver/Src/stm32f4xx_hal_tim_ex.o

.debug_info     0x0000000000000000     0x92c2
 .debug_info    0x0000000000000000      0x44b ./Core/Src/gpio.o
 .debug_info    0x000000000000044b      0x5b8 ./Core/Src/lcd.o
 .debug_info    0x0000000000000a03     0x10f3 ./Core/Src/main.o
 .debug_info    0x0000000000001af6      0x2a4 ./Core/Src/stm32f4xx_hal_msp.o
 .debug_info    0x0000000000001d9a      0x112 ./Core/Src/stm32f4xx_it.o
 .debug_info    0x0000000000001eac      0x53e ./Core/Src/system_stm32f4xx.o
 .debug_info    0x00000000000023ea      0xb76 ./Core/Src/tim.o
 .debug_info    0x0000000000002f60       0x23 ./Core/Startup/startup_stm32f401retx.o
 .debug_info    0x0000000000002f83      0x8bb ./Drivers/STM32F4xx_HAL_Driver/Src/stm32f4xx_hal.o
 .debug_info    0x000000000000383e      0xcb0 ./Drivers/STM32F4xx_HAL_Driver/Src/stm32f4xx_hal_cortex.o
 .debug_info    0x00000000000044ee      0x6f9 ./Drivers/STM32F4xx_HAL_Driver/Src/stm32f4xx_hal_gpio.o
 .debug_info    0x0000000000004be7      0x8f3 ./Drivers/STM32F4xx_HAL_Driver/Src/stm32f4xx_hal_rcc.o
 .debug_info    0x00000000000054da     0x2941 ./Drivers/STM32F4xx_HAL_Driver/Src/stm32f4xx_hal_tim.o
 .debug_info    0x0000000000007e1b     0x14a7 ./Drivers/STM32F4xx_HAL_Driver/Src/stm32f4xx_hal_tim_ex.o

.debug_abbrev   0x0000000000000000     0x19c8
 .debug_abbrev  0x0000000000000000      0x151 ./Core/Src/gpio.o
 .debug_abbrev  0x0000000000000151      0x1f1 ./Core/Src/lcd.o
 .debug_abbrev  0x0000000000000342      0x2d4 ./Core/Src/main.o
 .debug_abbrev  0x0000000000000616       0xf4 ./Core/Src/stm32f4xx_hal_msp.o
 .debug_abbrev  0x000000000000070a       0x73 ./Core/Src/stm32f4xx_it.o
 .debug_abbrev  0x000000000000077d      0x11a ./Core/Src/system_stm32f4xx.o
 .debug_abbrev  0x0000000000000897      0x212 ./Core/Src/tim.o
 .debug_abbrev  0x0000000000000aa9       0x12 ./Core/Startup/startup_stm32f401retx.o
 .debug_abbrev  0x0000000000000abb      0x24b ./Drivers/STM32F4xx_HAL_Driver/Src/stm32f4xx_hal.o
 .debug_abbrev  0x0000000000000d06      0x327 ./Drivers/STM32F4xx_HAL_Driver/Src/stm32f4xx_hal_cortex.o
 .debug_abbrev  0x000000000000102d      0x1d3 ./Drivers/STM32F4xx_HAL_Driver/Src/stm32f4xx_hal_gpio.o
 .debug_abbrev  0x0000000000001200      0x2b5 ./Drivers/STM32F4xx_HAL_Driver/Src/stm32f4xx_hal_rcc.o
 .debug_abbrev  0x00000000000014b5      0x284 ./Drivers/STM32F4xx_HAL_Driver/Src/stm32f4xx_hal_tim.o
 .debug_abbrev  0x0000000000001739      0x28f ./Drivers/STM32F4xx_HAL_Driver/Src/stm32f4xx_hal_tim_ex.o

.debug_aranges  0x0000000000000000      0xa08
 .debug_aranges
                0x0000000000000000       0x20 ./Core/Src/gpio.o
 .debug_aranges
                0x0000000000000020       0x68 ./Core/Src/lcd.o
 .debug_aranges
                0x0000000000000088       0x58 ./Core/Src/main.o
 .debug_aranges
                0x00000000000000e0       0x20 ./Core/Src/stm32f4xx_hal_msp.o
 .debug_aranges
                0x0000000000000100       0x60 ./Core/Src/stm32f4xx_it.o
 .debug_aranges
                0x0000000000000160       0x28 ./Core/Src/system_stm32f4xx.o
 .debug_aranges
                0x0000000000000188       0x38 ./Core/Src/tim.o
 .debug_aranges
                0x00000000000001c0       0x28 ./Core/Startup/startup_stm32f401retx.o
 .debug_aranges
                0x00000000000001e8       0xf0 ./Drivers/STM32F4xx_HAL_Driver/Src/stm32f4xx_hal.o
 .debug_aranges
                0x00000000000002d8      0x118 ./Drivers/STM32F4xx_HAL_Driver/Src/stm32f4xx_hal_cortex.o
 .debug_aranges
                0x00000000000003f0       0x58 ./Drivers/STM32F4xx_HAL_Driver/Src/stm32f4xx_hal_gpio.o
 .debug_aranges
                0x0000000000000448       0x88 ./Drivers/STM32F4xx_HAL_Driver/Src/stm32f4xx_hal_rcc.o
 .debug_aranges
                0x00000000000004d0      0x3d0 ./Drivers/STM32F4xx_HAL_Driver/Src/stm32f4xx_hal_tim.o
 .debug_aranges
                0x00000000000008a0      0x168 ./Drivers/STM32F4xx_HAL_Driver/Src/stm32f4xx_hal_tim_ex.o

.debug_rnglists
                0x0000000000000000      0x7ae
 .debug_rnglists
                0x0000000000000000       0x14 ./Core/Src/gpio.o
 .debug_rnglists
                0x0000000000000014       0x4a ./Core/Src/lcd.o
 .debug_rnglists
                0x000000000000005e       0x40 ./Core/Src/main.o
 .debug_rnglists
                0x000000000000009e       0x13 ./Core/Src/stm32f4xx_hal_msp.o
 .debug_rnglists
                0x00000000000000b1       0x43 ./Core/Src/stm32f4xx_it.o
 .debug_rnglists
                0x00000000000000f4       0x1a ./Core/Src/system_stm32f4xx.o
 .debug_rnglists
                0x000000000000010e       0x26 ./Core/Src/tim.o
 .debug_rnglists
                0x0000000000000134       0x19 ./Core/Startup/startup_stm32f401retx.o
 .debug_rnglists
                0x000000000000014d       0xaf ./Drivers/STM32F4xx_HAL_Driver/Src/stm32f4xx_hal.o
 .debug_rnglists
                0x00000000000001fc       0xce ./Drivers/STM32F4xx_HAL_Driver/Src/stm32f4xx_hal_cortex.o
 .debug_rnglists
                0x00000000000002ca       0x3f ./Drivers/STM32F4xx_HAL_Driver/Src/stm32f4xx_hal_gpio.o
 .debug_rnglists
                0x0000000000000309       0x66 ./Drivers/STM32F4xx_HAL_Driver/Src/stm32f4xx_hal_rcc.o
 .debug_rnglists
                0x000000000000036f      0x31a ./Drivers/STM32F4xx_HAL_Driver/Src/stm32f4xx_hal_tim.o
 .debug_rnglists
                0x0000000000000689      0x125 ./Drivers/STM32F4xx_HAL_Driver/Src/stm32f4xx_hal_tim_ex.o

.debug_macro    0x0000000000000000    0x1626f
 .debug_macro   0x0000000000000000      0x1dd ./Core/Src/gpio.o
 .debug_macro   0x00000000000001dd      0xaa8 ./Core/Src/gpio.o
 .debug_macro   0x0000000000000c85      0x295 ./Core/Src/gpio.o
 .debug_macro   0x0000000000000f1a       0x2e ./Core/Src/gpio.o
 .debug_macro   0x0000000000000f48       0x28 ./Core/Src/gpio.o
 .debug_macro   0x0000000000000f70       0x22 ./Core/Src/gpio.o
 .debug_macro   0x0000000000000f92       0x8e ./Core/Src/gpio.o
 .debug_macro   0x0000000000001020       0x51 ./Core/Src/gpio.o
 .debug_macro   0x0000000000001071      0x103 ./Core/Src/gpio.o
 .debug_macro   0x0000000000001174       0x6a ./Core/Src/gpio.o
 .debug_macro   0x00000000000011de      0x1df ./Core/Src/gpio.o
 .debug_macro   0x00000000000013bd       0x1c ./Core/Src/gpio.o
 .debug_macro   0x00000000000013d9       0x22 ./Core/Src/gpio.o
 .debug_macro   0x00000000000013fb       0xd9 ./Core/Src/gpio.o
 .debug_macro   0x00000000000014d4     0x102d ./Core/Src/gpio.o
 .debug_macro   0x0000000000002501      0x11f ./Core/Src/gpio.o
 .debug_macro   0x0000000000002620     0xb86c ./Core/Src/gpio.o
 .debug_macro   0x000000000000de8c       0x6d ./Core/Src/gpio.o
 .debug_macro   0x000000000000def9     0x367e ./Core/Src/gpio.o
 .debug_macro   0x0000000000011577      0x174 ./Core/Src/gpio.o
 .debug_macro   0x00000000000116eb       0x5c ./Core/Src/gpio.o
 .debug_macro   0x0000000000011747      0x416 ./Core/Src/gpio.o
 .debug_macro   0x0000000000011b5d      0x9fe ./Core/Src/gpio.o
 .debug_macro   0x000000000001255b      0x115 ./Core/Src/gpio.o
 .debug_macro   0x0000000000012670       0xf8 ./Core/Src/gpio.o
 .debug_macro   0x0000000000012768       0xa5 ./Core/Src/gpio.o
 .debug_macro   0x000000000001280d      0x15f ./Core/Src/gpio.o
 .debug_macro   0x000000000001296c      0x287 ./Core/Src/gpio.o
 .debug_macro   0x0000000000012bf3       0x5f ./Core/Src/gpio.o
 .debug_macro   0x0000000000012c52      0x236 ./Core/Src/gpio.o
 .debug_macro   0x0000000000012e88      0x132 ./Core/Src/gpio.o
 .debug_macro   0x0000000000012fba      0x264 ./Core/Src/gpio.o
 .debug_macro   0x000000000001321e       0x2e ./Core/Src/gpio.o
 .debug_macro   0x000000000001324c      0x11a ./Core/Src/gpio.o
 .debug_macro   0x0000000000013366       0x85 ./Core/Src/gpio.o
 .debug_macro   0x00000000000133eb       0x89 ./Core/Src/gpio.o
 .debug_macro   0x0000000000013474      0x8e6 ./Core/Src/gpio.o
 .debug_macro   0x0000000000013d5a       0x47 ./Core/Src/gpio.o
 .debug_macro   0x0000000000013da1      0x126 ./Core/Src/gpio.o
 .debug_macro   0x0000000000013ec7       0x88 ./Core/Src/gpio.o
 .debug_macro   0x0000000000013f4f      0x2de ./Core/Src/lcd.o
 .debug_macro   0x000000000001422d       0x61 ./Core/Src/lcd.o
 .debug_macro   0x000000000001428e       0x2a ./Core/Src/lcd.o
 .debug_macro   0x00000000000142b8       0x43 ./Core/Src/lcd.o
 .debug_macro   0x00000000000142fb       0x34 ./Core/Src/lcd.o
 .debug_macro   0x000000000001432f       0x16 ./Core/Src/lcd.o
 .debug_macro   0x0000000000014345       0x43 ./Core/Src/lcd.o
 .debug_macro   0x0000000000014388       0x34 ./Core/Src/lcd.o
 .debug_macro   0x00000000000143bc       0x10 ./Core/Src/lcd.o
 .debug_macro   0x00000000000143cc       0x58 ./Core/Src/lcd.o
 .debug_macro   0x0000000000014424       0x8e ./Core/Src/lcd.o
 .debug_macro   0x00000000000144b2       0x1c ./Core/Src/lcd.o
 .debug_macro   0x00000000000144ce      0x177 ./Core/Src/lcd.o
 .debug_macro   0x0000000000014645      0x369 ./Core/Src/lcd.o
 .debug_macro   0x00000000000149ae       0x10 ./Core/Src/lcd.o
 .debug_macro   0x00000000000149be       0x35 ./Core/Src/lcd.o
 .debug_macro   0x00000000000149f3       0x20 ./Core/Src/lcd.o
 .debug_macro   0x0000000000014a13       0x1c ./Core/Src/lcd.o
 .debug_macro   0x0000000000014a2f       0x10 ./Core/Src/lcd.o
 .debug_macro   0x0000000000014a3f       0x1c ./Core/Src/lcd.o
 .debug_macro   0x0000000000014a5b       0x16 ./Core/Src/lcd.o
 .debug_macro   0x0000000000014a71      0x147 ./Core/Src/lcd.o
 .debug_macro   0x0000000000014bb8       0x8e ./Core/Src/lcd.o
 .debug_macro   0x0000000000014c46       0xa0 ./Core/Src/lcd.o
 .debug_macro   0x0000000000014ce6      0x305 ./Core/Src/main.o
 .debug_macro   0x0000000000014feb       0x10 ./Core/Src/main.o
 .debug_macro   0x0000000000014ffb      0x1d3 ./Core/Src/stm32f4xx_hal_msp.o
 .debug_macro   0x00000000000151ce      0x1dd ./Core/Src/stm32f4xx_it.o
 .debug_macro   0x00000000000153ab      0x1c4 ./Core/Src/system_stm32f4xx.o
 .debug_macro   0x000000000001556f      0x1dd ./Core/Src/tim.o
 .debug_macro   0x000000000001574c      0x224 ./Drivers/STM32F4xx_HAL_Driver/Src/stm32f4xx_hal.o
 .debug_macro   0x0000000000015970      0x1c4 ./Drivers/STM32F4xx_HAL_Driver/Src/stm32f4xx_hal_cortex.o
 .debug_macro   0x0000000000015b34      0x1ca ./Drivers/STM32F4xx_HAL_Driver/Src/stm32f4xx_hal_gpio.o
 .debug_macro   0x0000000000015cfe      0x1e8 ./Drivers/STM32F4xx_HAL_Driver/Src/stm32f4xx_hal_rcc.o
 .debug_macro   0x0000000000015ee6      0x1c5 ./Drivers/STM32F4xx_HAL_Driver/Src/stm32f4xx_hal_tim.o
 .debug_macro   0x00000000000160ab      0x1c4 ./Drivers/STM32F4xx_HAL_Driver/Src/stm32f4xx_hal_tim_ex.o

.debug_line     0x0000000000000000     0xb4f2
 .debug_line    0x0000000000000000      0x719 ./Core/Src/gpio.o
 .debug_line    0x0000000000000719      0xa0f ./Core/Src/lcd.o
 .debug_line    0x0000000000001128      0xa99 ./Core/Src/main.o
 .debug_line    0x0000000000001bc1      0x6c5 ./Core/Src/stm32f4xx_hal_msp.o
 .debug_line    0x0000000000002286      0x786 ./Core/Src/stm32f4xx_it.o
 .debug_line    0x0000000000002a0c      0x745 ./Core/Src/system_stm32f4xx.o
 .debug_line    0x0000000000003151      0x767 ./Core/Src/tim.o
 .debug_line    0x00000000000038b8       0x7a ./Core/Startup/startup_stm32f401retx.o
 .debug_line    0x0000000000003932      0x9ab ./Drivers/STM32F4xx_HAL_Driver/Src/stm32f4xx_hal.o
 .debug_line    0x00000000000042dd      0xc5a ./Drivers/STM32F4xx_HAL_Driver/Src/stm32f4xx_hal_cortex.o
 .debug_line    0x0000000000004f37      0xae3 ./Drivers/STM32F4xx_HAL_Driver/Src/stm32f4xx_hal_gpio.o
 .debug_line    0x0000000000005a1a      0xd24 ./Drivers/STM32F4xx_HAL_Driver/Src/stm32f4xx_hal_rcc.o
 .debug_line    0x000000000000673e     0x3471 ./Drivers/STM32F4xx_HAL_Driver/Src/stm32f4xx_hal_tim.o
 .debug_line    0x0000000000009baf     0x1943 ./Drivers/STM32F4xx_HAL_Driver/Src/stm32f4xx_hal_tim_ex.o

.debug_str      0x0000000000000000    0x8aaa3
 .debug_str     0x0000000000000000    0x8421d ./Core/Src/gpio.o
                                      0x844a9 (size before relaxing)
 .debug_str     0x000000000008421d     0x3a8c ./Core/Src/lcd.o
                                      0x87dd2 (size before relaxing)
 .debug_str     0x0000000000087ca9      0x797 ./Core/Src/main.o
                                      0x88656 (size before relaxing)
 .debug_str     0x0000000000088440       0x49 ./Core/Src/stm32f4xx_hal_msp.o
                                      0x843e9 (size before relaxing)
 .debug_str     0x0000000000088489       0xc9 ./Core/Src/stm32f4xx_it.o
                                      0x84340 (size before relaxing)
 .debug_str     0x0000000000088552       0xdb ./Core/Src/system_stm32f4xx.o
                                      0x84216 (size before relaxing)
 .debug_str     0x000000000008862d      0x168 ./Core/Src/tim.o
                                      0x84b29 (size before relaxing)
 .debug_str     0x0000000000088795       0x34 ./Core/Startup/startup_stm32f401retx.o
                                         0x6f (size before relaxing)
 .debug_str     0x00000000000887c9      0x985 ./Drivers/STM32F4xx_HAL_Driver/Src/stm32f4xx_hal.o
                                      0x84c38 (size before relaxing)
 .debug_str     0x000000000008914e      0x359 ./Drivers/STM32F4xx_HAL_Driver/Src/stm32f4xx_hal_cortex.o
                                      0x84959 (size before relaxing)
 .debug_str     0x00000000000894a7      0x131 ./Drivers/STM32F4xx_HAL_Driver/Src/stm32f4xx_hal_gpio.o
                                      0x84391 (size before relaxing)
 .debug_str     0x00000000000895d8      0x233 ./Drivers/STM32F4xx_HAL_Driver/Src/stm32f4xx_hal_rcc.o
                                      0x8464a (size before relaxing)
 .debug_str     0x000000000008980b      0xe05 ./Drivers/STM32F4xx_HAL_Driver/Src/stm32f4xx_hal_tim.o
                                      0x8557e (size before relaxing)
 .debug_str     0x000000000008a610      0x493 ./Drivers/STM32F4xx_HAL_Driver/Src/stm32f4xx_hal_tim_ex.o
                                      0x84d9a (size before relaxing)

.debug_frame    0x0000000000000000     0x2908
 .debug_frame   0x0000000000000000       0x34 ./Core/Src/gpio.o
 .debug_frame   0x0000000000000034      0x180 ./Core/Src/lcd.o
 .debug_frame   0x00000000000001b4      0x130 ./Core/Src/main.o
 .debug_frame   0x00000000000002e4       0x34 ./Core/Src/stm32f4xx_hal_msp.o
 .debug_frame   0x0000000000000318      0x104 ./Core/Src/stm32f4xx_it.o
 .debug_frame   0x000000000000041c       0x58 ./Core/Src/system_stm32f4xx.o
 .debug_frame   0x0000000000000474       0xa8 ./Core/Src/tim.o
 .debug_frame   0x000000000000051c      0x374 ./Drivers/STM32F4xx_HAL_Driver/Src/stm32f4xx_hal.o
 .debug_frame   0x0000000000000890      0x498 ./Drivers/STM32F4xx_HAL_Driver/Src/stm32f4xx_hal_cortex.o
 .debug_frame   0x0000000000000d28      0x14c ./Drivers/STM32F4xx_HAL_Driver/Src/stm32f4xx_hal_gpio.o
 .debug_frame   0x0000000000000e74      0x1f4 ./Drivers/STM32F4xx_HAL_Driver/Src/stm32f4xx_hal_rcc.o
 .debug_frame   0x0000000000001068     0x11bc ./Drivers/STM32F4xx_HAL_Driver/Src/stm32f4xx_hal_tim.o
 .debug_frame   0x0000000000002224      0x638 ./Drivers/STM32F4xx_HAL_Driver/Src/stm32f4xx_hal_tim_ex.o
 .debug_frame   0x000000000000285c       0x20 /Applications/STM32CubeIDE.app/Contents/Eclipse/plugins/com.st.stm32cube.ide.mcu.externaltools.gnu-tools-for-stm32.11.3.rel1.macos64_1.1.1.202309131626/tools/bin/../lib/gcc/arm-none-eabi/11.3.1/../../../../arm-none-eabi/lib/thumb/v7e-m+fp/hard/libc_nano.a(libc_a-memset.o)
 .debug_frame   0x000000000000287c       0x2c /Applications/STM32CubeIDE.app/Contents/Eclipse/plugins/com.st.stm32cube.ide.mcu.externaltools.gnu-tools-for-stm32.11.3.rel1.macos64_1.1.1.202309131626/tools/bin/../lib/gcc/arm-none-eabi/11.3.1/../../../../arm-none-eabi/lib/thumb/v7e-m+fp/hard/libc_nano.a(libc_a-init.o)
 .debug_frame   0x00000000000028a8       0x2c /Applications/STM32CubeIDE.app/Contents/Eclipse/plugins/com.st.stm32cube.ide.mcu.externaltools.gnu-tools-for-stm32.11.3.rel1.macos64_1.1.1.202309131626/tools/bin/../lib/gcc/arm-none-eabi/11.3.1/thumb/v7e-m+fp/hard/libgcc.a(_aeabi_uldivmod.o)
 .debug_frame   0x00000000000028d4       0x34 /Applications/STM32CubeIDE.app/Contents/Eclipse/plugins/com.st.stm32cube.ide.mcu.externaltools.gnu-tools-for-stm32.11.3.rel1.macos64_1.1.1.202309131626/tools/bin/../lib/gcc/arm-none-eabi/11.3.1/thumb/v7e-m+fp/hard/libgcc.a(_udivmoddi4.o)

.debug_line_str
                0x0000000000000000       0x63
 .debug_line_str
                0x0000000000000000       0x63 ./Core/Startup/startup_stm32f401retx.o
                                         0x7b (size before relaxing)
