../Core/Inc/speaker.h:23:6:set_speaker_state	16	static
../Core/Inc/timer.h:35:6:set_alarm_arr	32	static
../Core/Inc/timer.h:41:6:set_alarm	24	static
../Core/Inc/timer.h:68:6:delete_alarm	8	static
../Core/Inc/timer.h:74:6:update_alarm	8	static
../Core/Inc/timer.h:83:6:update_speaker_limit	8	static
../Core/Inc/timer.h:101:6:start_pomo	24	static
../Core/Inc/timer.h:108:6:end_pomo	8	static
../Core/Inc/pomo.h:35:6:delete_clock	24	static
../Core/Inc/pomo.h:41:6:set_clock_time_arr	24	static
../Core/Inc/pomo.h:47:6:set_clock_time	24	static
../Core/Inc/pomo.h:56:6:second_update_clock	16	static
../Core/Inc/pomo.h:93:6:display_info_s	32	static
../Core/Inc/pomo.h:109:6:display_info_i	32	static
../Core/Inc/pomo.h:123:6:display_default	24	static
../Core/Inc/pomo.h:218:6:display_pomo	16	static
../Core/Inc/pomo.h:224:5:t1_passed_t2	16	static
../Core/Inc/pomo.h:234:5:get_display_pos	16	static
../Core/Inc/pomo.h:243:5:get_int_length	24	static
../Core/Inc/button.h:24:6:update_buttons	8	static
../Core/Src/main.c:76:5:main	128	static
../Core/Src/main.c:216:6:SystemClock_Config	88	static
../Core/Src/main.c:266:6:Error_Handler	4	static,ignoring_inline_asm
