/Applications/STM32CubeIDE.app/Contents/Eclipse/plugins/com.st.stm32cube.ide.mcu.externaltools.gnu-tools-for-stm32.11.3.rel1.macos64_1.1.1.202309131626/tools/arm-none-eabi/include/c++/11.3.1/arm-none-eabi/thumb/v7e-m+fp/hard/bits/gthr-default.h:229:1:int __gthread_key_delete(__gthread_key_t)	16	static
../Core/Src/main.cpp:101:5:int main()	288	static
../Core/Src/main.cpp:218:6:void SystemClock_Config()	88	static
../Core/Src/main.cpp:268:6:void Error_Handler()	4	static,ignoring_inline_asm
../Core/Src/main.cpp:277:1:void __static_initialization_and_destruction_0(int, int)	32	static
../Core/Src/main.cpp:277:1:cpp)	8	static
../Core/Src/main.cpp:277:1:cpp)	8	static
